GAS LISTING /tmp/ccnVX9Ru.s 			page 1


   1               		.file	"pwmIrc.cpp"
   2               	__SP_H__ = 0x3e
   3               	__SP_L__ = 0x3d
   4               	__SREG__ = 0x3f
   5               	__tmp_reg__ = 0
   6               	__zero_reg__ = 1
   7               		.stabs	"/home/sirius/inf1995/inf1995-0723/codeCommun/tp/projet/libpout/",100,0,4,.Ltext0
   8               		.stabs	"src/pwmIrc.cpp",100,0,4,.Ltext0
   9               		.text
  10               	.Ltext0:
  11               		.stabs	"gcc2_compiled.",60,0,0,0
  12               		.stabs	"__uint24:t(0,1)=@s24;r(0,1);0;077777777;",128,0,0,0
  13               		.stabs	"__int24:t(0,2)=@s24;r(0,2);040000000;037777777;",128,0,0,0
  14               		.stabs	"__builtin_va_list:t(0,3)=*(0,4)=(0,4)",128,0,0,0
  15               		.stabs	"complex long double:t(0,5)=R3;8;0;",128,0,0,0
  16               		.stabs	"complex double:t(0,6)=R3;8;0;",128,0,0,0
  17               		.stabs	"complex float:t(0,7)=R3;8;0;",128,0,0,0
  18               		.stabs	"complex int:t(0,8)=s4real:(0,9)=r(0,9);-32768;32767;,0,16;imag:(0,9),16,16;;",128,0,0,0
  19               		.stabs	"long long unsigned int:t(0,10)=@s64;r(0,10);0;01777777777777777777777;",128,0,0,0
  20               		.stabs	"long unsigned int:t(0,11)=@s32;r(0,11);0;037777777777;",128,0,0,0
  21               		.stabs	"unsigned int:t(0,12)=r(0,12);0;0177777;",128,0,0,0
  22               		.stabs	"unsigned char:t(0,13)=@s8;r(0,13);0;255;",128,0,0,0
  23               		.stabs	"long long int:t(0,14)=@s64;r(0,14);01000000000000000000000;0777777777777777777777;",128,0,
  24               		.stabs	"long int:t(0,15)=@s32;r(0,15);020000000000;017777777777;",128,0,0,0
  25               		.stabs	"int:t(0,9)",128,0,0,0
  26               		.stabs	"signed char:t(0,16)=@s8;r(0,16);-128;127;",128,0,0,0
  27               		.stabs	"char:t(0,17)=@s8;r(0,17);0;255;",128,0,0,0
  28               		.stabs	"signed:t(0,9)",128,0,0,0
  29               		.stabs	"unsigned long:t(0,11)",128,0,0,0
  30               		.stabs	"long long unsigned:t(0,10)",128,0,0,0
  31               		.stabs	"short int:t(0,18)=r(0,18);-32768;32767;",128,0,0,0
  32               		.stabs	"short unsigned int:t(0,19)=r(0,19);0;0177777;",128,0,0,0
  33               		.stabs	"unsigned short:t(0,19)",128,0,0,0
  34               		.stabs	"float:t(0,20)=r(0,9);4;0;",128,0,0,0
  35               		.stabs	"double:t(0,21)=r(0,9);4;0;",128,0,0,0
  36               		.stabs	"long double:t(0,22)=r(0,9);4;0;",128,0,0,0
  37               		.stabs	"short _Fract:t(0,23)=r(0,9);1;0;",128,0,0,0
  38               		.stabs	"long _Fract:t(0,24)=r(0,9);4;0;",128,0,0,0
  39               		.stabs	"long long _Fract:t(0,25)=r(0,9);8;0;",128,0,0,0
  40               		.stabs	"unsigned short _Fract:t(0,26)=r(0,9);1;0;",128,0,0,0
  41               		.stabs	"unsigned _Fract:t(0,27)=r(0,9);2;0;",128,0,0,0
  42               		.stabs	"unsigned long _Fract:t(0,28)=r(0,9);4;0;",128,0,0,0
  43               		.stabs	"unsigned long long _Fract:t(0,29)=r(0,9);8;0;",128,0,0,0
  44               		.stabs	"_Sat short _Fract:t(0,30)=r(0,9);1;0;",128,0,0,0
  45               		.stabs	"_Sat _Fract:t(0,31)=r(0,9);2;0;",128,0,0,0
  46               		.stabs	"_Sat long _Fract:t(0,32)=r(0,9);4;0;",128,0,0,0
  47               		.stabs	"_Sat long long _Fract:t(0,33)=r(0,9);8;0;",128,0,0,0
  48               		.stabs	"_Sat unsigned short _Fract:t(0,34)=r(0,9);1;0;",128,0,0,0
  49               		.stabs	"_Sat unsigned _Fract:t(0,35)=r(0,9);2;0;",128,0,0,0
  50               		.stabs	"_Sat unsigned long _Fract:t(0,36)=r(0,9);4;0;",128,0,0,0
  51               		.stabs	"_Sat unsigned long long _Fract:t(0,37)=r(0,9);8;0;",128,0,0,0
  52               		.stabs	"short _Accum:t(0,38)=r(0,9);2;0;",128,0,0,0
  53               		.stabs	"long _Accum:t(0,39)=r(0,9);8;0;",128,0,0,0
  54               		.stabs	"long long _Accum:t(0,40)=r(0,9);8;0;",128,0,0,0
  55               		.stabs	"unsigned short _Accum:t(0,41)=r(0,9);2;0;",128,0,0,0
  56               		.stabs	"unsigned _Accum:t(0,42)=r(0,9);4;0;",128,0,0,0
  57               		.stabs	"unsigned long _Accum:t(0,43)=r(0,9);8;0;",128,0,0,0
GAS LISTING /tmp/ccnVX9Ru.s 			page 2


  58               		.stabs	"unsigned long long _Accum:t(0,44)=r(0,9);8;0;",128,0,0,0
  59               		.stabs	"_Sat short _Accum:t(0,45)=r(0,9);2;0;",128,0,0,0
  60               		.stabs	"_Sat _Accum:t(0,46)=r(0,9);4;0;",128,0,0,0
  61               		.stabs	"_Sat long _Accum:t(0,47)=r(0,9);8;0;",128,0,0,0
  62               		.stabs	"_Sat long long _Accum:t(0,48)=r(0,9);8;0;",128,0,0,0
  63               		.stabs	"_Sat unsigned short _Accum:t(0,49)=r(0,9);2;0;",128,0,0,0
  64               		.stabs	"_Sat unsigned _Accum:t(0,50)=r(0,9);4;0;",128,0,0,0
  65               		.stabs	"_Sat unsigned long _Accum:t(0,51)=r(0,9);8;0;",128,0,0,0
  66               		.stabs	"_Sat unsigned long long _Accum:t(0,52)=r(0,9);8;0;",128,0,0,0
  67               		.stabs	"void:t(0,4)",128,0,0,0
  68               		.stabs	"wchar_t:t(0,53)=r(0,53);-32768;32767;",128,0,0,0
  69               		.stabs	"bool:t(0,54)=@s8;-16;",128,0,0,0
  70               		.stabs	"__vtbl_ptr_type:t(0,55)=*(0,56)=f(0,9)",128,0,0,0
  71               		.stabs	"decltype(nullptr):t(0,57)=(0,57)",128,0,0,0
  72               		.stabs	"int8_t:t(0,58)=(0,16)",128,0,122,0
  73               		.stabs	"uint8_t:t(0,59)=(0,13)",128,0,123,0
  74               		.stabs	"int16_t:t(0,60)=(0,9)",128,0,124,0
  75               		.stabs	"uint16_t:t(0,61)=(0,12)",128,0,125,0
  76               		.stabs	"int32_t:t(0,62)=(0,15)",128,0,126,0
  77               		.stabs	"uint32_t:t(0,63)=(0,11)",128,0,127,0
  78               		.stabs	"int64_t:t(0,64)=(0,14)",128,0,129,0
  79               		.stabs	"uint64_t:t(0,65)=(0,10)",128,0,130,0
  80               		.stabs	"intptr_t:t(0,66)=(0,60)",128,0,143,0
  81               		.stabs	"uintptr_t:t(0,67)=(0,61)",128,0,148,0
  82               		.stabs	"int_least8_t:t(0,68)=(0,58)",128,0,160,0
  83               		.stabs	"uint_least8_t:t(0,69)=(0,59)",128,0,165,0
  84               		.stabs	"int_least16_t:t(0,70)=(0,60)",128,0,170,0
  85               		.stabs	"uint_least16_t:t(0,71)=(0,61)",128,0,175,0
  86               		.stabs	"int_least32_t:t(0,72)=(0,62)",128,0,180,0
  87               		.stabs	"uint_least32_t:t(0,73)=(0,63)",128,0,185,0
  88               		.stabs	"int_least64_t:t(0,74)=(0,64)",128,0,193,0
  89               		.stabs	"uint_least64_t:t(0,75)=(0,65)",128,0,200,0
  90               		.stabs	"int_fast8_t:t(0,76)=(0,58)",128,0,214,0
  91               		.stabs	"uint_fast8_t:t(0,77)=(0,59)",128,0,219,0
  92               		.stabs	"int_fast16_t:t(0,78)=(0,60)",128,0,224,0
  93               		.stabs	"uint_fast16_t:t(0,79)=(0,61)",128,0,229,0
  94               		.stabs	"int_fast32_t:t(0,80)=(0,62)",128,0,234,0
  95               		.stabs	"uint_fast32_t:t(0,81)=(0,63)",128,0,239,0
  96               		.stabs	"int_fast64_t:t(0,82)=(0,64)",128,0,247,0
  97               		.stabs	"uint_fast64_t:t(0,83)=(0,65)",128,0,254,0
  98               		.stabs	"intmax_t:t(0,84)=(0,64)",128,0,274,0
  99               		.stabs	"uintmax_t:t(0,85)=(0,65)",128,0,279,0
 100               		.stabs	"int_farptr_t:t(0,86)=(0,62)",128,0,77,0
 101               		.stabs	"uint_farptr_t:t(0,87)=(0,63)",128,0,81,0
 102               		.stabs	"._0:Tt(0,88)=s3low:(0,13),0,8;high:(0,13),8,8;extended:(0,13),16,8;;",128,0,240,0
 103               		.stabs	"__fuse_t:t(0,88)",128,0,244,0
 104               		.stabs	"pwmIrc:Tt(0,89)=s1__base_ctor ::(0,90)=#(0,89),(0,4),(0,91)=*(0,89),(0,4);:_ZN7libpout6pwm
 105               		.stabs	"_ZN7libpout6pwmIrc4initEv:F(0,4)",36,0,32,_ZN7libpout6pwmIrc4initEv
 106               		.stabs	"this:P(0,93)=k(0,91)",64,0,32,24
 107               	.global	_ZN7libpout6pwmIrc4initEv
 108               		.type	_ZN7libpout6pwmIrc4initEv, @function
 109               	_ZN7libpout6pwmIrc4initEv:
 110               		.stabd	46,0,0
   1:src/pwmIrc.cpp **** /**
   2:src/pwmIrc.cpp ****  * Copyright © 2014
   3:src/pwmIrc.cpp ****  * Louis Racicot <info@louisracicot.com>, Samuel Rondeau, Weiwei Liang, Feriel Charfeddine
   4:src/pwmIrc.cpp ****  *
GAS LISTING /tmp/ccnVX9Ru.s 			page 3


   5:src/pwmIrc.cpp ****  * This program is free software. It comes without any warranty, to
   6:src/pwmIrc.cpp ****  * the extent permitted by applicable law. You can redistribute it
   7:src/pwmIrc.cpp ****  * and/or modify it under the terms of the Do What The Fuck You Want
   8:src/pwmIrc.cpp ****  * To Public License, Version 2, as published by Sam Hocevar. See
   9:src/pwmIrc.cpp ****  * http://www.wtfpl.net/ for more details.
  10:src/pwmIrc.cpp ****  */
  11:src/pwmIrc.cpp **** #ifndef F_CPU
  12:src/pwmIrc.cpp **** # warning "F_CPU pas defini pour 'pwmIrc.cpp'"
  13:src/pwmIrc.cpp **** # define F_CPU 8000000UL
  14:src/pwmIrc.cpp **** #endif
  15:src/pwmIrc.cpp **** 
  16:src/pwmIrc.cpp **** #include "pwmIrc.h"
  17:src/pwmIrc.cpp **** 
  18:src/pwmIrc.cpp **** using namespace libpout;
  19:src/pwmIrc.cpp **** 
  20:src/pwmIrc.cpp **** 
  21:src/pwmIrc.cpp **** pwmIrc::pwmIrc()
  22:src/pwmIrc.cpp **** {
  23:src/pwmIrc.cpp **** 	init();
  24:src/pwmIrc.cpp **** }
  25:src/pwmIrc.cpp **** 
  26:src/pwmIrc.cpp **** pwmIrc::pwmIrc(uint8_t max)
  27:src/pwmIrc.cpp **** {
  28:src/pwmIrc.cpp **** 	init();
  29:src/pwmIrc.cpp **** 	adjust(max);
  30:src/pwmIrc.cpp **** }
  31:src/pwmIrc.cpp **** 
  32:src/pwmIrc.cpp **** void pwmIrc::init()
  33:src/pwmIrc.cpp **** {
 111               		.stabn	68,0,33,.LM0-.LFBB1
 112               	.LM0:
 113               	.LFBB1:
 114               	/* prologue: function */
 115               	/* frame size = 0 */
 116               	/* stack size = 0 */
 117               	.L__stack_usage = 0
  34:src/pwmIrc.cpp ****     // Counter to 0
  35:src/pwmIrc.cpp ****     TCNT2 = 0;
 118               		.stabn	68,0,35,.LM1-.LFBB1
 119               	.LM1:
 120 0000 1092 B200 		sts 178,__zero_reg__
  36:src/pwmIrc.cpp **** 
  37:src/pwmIrc.cpp ****     TCCR2A |= _BV(WGM21); // CTC
 121               		.stabn	68,0,37,.LM2-.LFBB1
 122               	.LM2:
 123 0004 E0EB      		ldi r30,lo8(-80)
 124 0006 F0E0      		ldi r31,0
 125 0008 8081      		ld r24,Z
 126 000a 8260      		ori r24,lo8(2)
 127 000c 8083      		st Z,r24
  38:src/pwmIrc.cpp **** 
  39:src/pwmIrc.cpp **** 	// aucun diviseur d'horloge
  40:src/pwmIrc.cpp ****     TCCR2B |= _BV(CS20);
 128               		.stabn	68,0,40,.LM3-.LFBB1
 129               	.LM3:
 130 000e E1EB      		ldi r30,lo8(-79)
 131 0010 F0E0      		ldi r31,0
GAS LISTING /tmp/ccnVX9Ru.s 			page 4


 132 0012 8081      		ld r24,Z
 133 0014 8160      		ori r24,lo8(1)
 134 0016 8083      		st Z,r24
 135 0018 0895      		ret
 136               		.size	_ZN7libpout6pwmIrc4initEv, .-_ZN7libpout6pwmIrc4initEv
 137               	.Lscope1:
 138               		.stabs	"",36,0,0,.Lscope1-.LFBB1
 139               		.stabd	78,0,0
 140               		.stabs	"_ZN7libpout6pwmIrcC2Ev:F(0,4)",36,0,21,_ZN7libpout6pwmIrcC2Ev
 141               		.stabs	"this:P(0,93)",64,0,21,24
 142               	.global	_ZN7libpout6pwmIrcC2Ev
 143               		.type	_ZN7libpout6pwmIrcC2Ev, @function
 144               	_ZN7libpout6pwmIrcC2Ev:
 145               		.stabd	46,0,0
  21:src/pwmIrc.cpp **** {
 146               		.stabn	68,0,21,.LM4-.LFBB2
 147               	.LM4:
 148               	.LFBB2:
 149               	/* prologue: function */
 150               	/* frame size = 0 */
 151               	/* stack size = 0 */
 152               	.L__stack_usage = 0
 153               	.LBB5:
  23:src/pwmIrc.cpp **** }
 154               		.stabn	68,0,23,.LM5-.LFBB2
 155               	.LM5:
 156 001a 0C94 0000 		jmp _ZN7libpout6pwmIrc4initEv
 157               	.LBE5:
 158               		.size	_ZN7libpout6pwmIrcC2Ev, .-_ZN7libpout6pwmIrcC2Ev
 159               	.Lscope2:
 160               		.stabs	"",36,0,0,.Lscope2-.LFBB2
 161               		.stabd	78,0,0
 162               	.global	_ZN7libpout6pwmIrcC1Ev
 163               		.set	_ZN7libpout6pwmIrcC1Ev,_ZN7libpout6pwmIrcC2Ev
 164               		.stabs	"_ZN7libpout6pwmIrcC2Eh:F(0,4)",36,0,26,_ZN7libpout6pwmIrcC2Eh
 165               		.stabs	"this:P(0,93)",64,0,26,24
 166               		.stabs	"max:P(0,59)",64,0,26,22
 167               	.global	_ZN7libpout6pwmIrcC2Eh
 168               		.type	_ZN7libpout6pwmIrcC2Eh, @function
 169               	_ZN7libpout6pwmIrcC2Eh:
 170               		.stabd	46,0,0
  26:src/pwmIrc.cpp **** {
 171               		.stabn	68,0,26,.LM6-.LFBB3
 172               	.LM6:
 173               	.LFBB3:
 174 001e CF93      		push r28
 175 0020 DF93      		push r29
 176 0022 1F92      		push __zero_reg__
 177 0024 CDB7      		in r28,__SP_L__
 178 0026 DEB7      		in r29,__SP_H__
 179               	/* prologue: function */
 180               	/* frame size = 1 */
 181               	/* stack size = 3 */
 182               	.L__stack_usage = 3
 183               	.LBB6:
  28:src/pwmIrc.cpp **** 	adjust(max);
 184               		.stabn	68,0,28,.LM7-.LFBB3
GAS LISTING /tmp/ccnVX9Ru.s 			page 5


 185               	.LM7:
 186 0028 6983      		std Y+1,r22
 187 002a 0E94 0000 		call _ZN7libpout6pwmIrc4initEv
 188               	.LBB7:
 189               	.LBB8:
  41:src/pwmIrc.cpp **** }
  42:src/pwmIrc.cpp **** 
  43:src/pwmIrc.cpp **** void pwmIrc::adjust(uint8_t max)
  44:src/pwmIrc.cpp **** {
  45:src/pwmIrc.cpp **** 	OCR2A = max;
 190               		.stabn	68,0,45,.LM8-.LFBB3
 191               	.LM8:
 192 002e 6981      		ldd r22,Y+1
 193 0030 6093 B300 		sts 179,r22
 194               	/* epilogue start */
 195               	.LBE8:
 196               	.LBE7:
 197               	.LBE6:
  30:src/pwmIrc.cpp **** 
 198               		.stabn	68,0,30,.LM9-.LFBB3
 199               	.LM9:
 200 0034 0F90      		pop __tmp_reg__
 201 0036 DF91      		pop r29
 202 0038 CF91      		pop r28
 203 003a 0895      		ret
 204               		.size	_ZN7libpout6pwmIrcC2Eh, .-_ZN7libpout6pwmIrcC2Eh
 205               	.Lscope3:
 206               		.stabs	"",36,0,0,.Lscope3-.LFBB3
 207               		.stabd	78,0,0
 208               	.global	_ZN7libpout6pwmIrcC1Eh
 209               		.set	_ZN7libpout6pwmIrcC1Eh,_ZN7libpout6pwmIrcC2Eh
 210               		.stabs	"_ZN7libpout6pwmIrc6adjustEh:F(0,4)",36,0,43,_ZN7libpout6pwmIrc6adjustEh
 211               		.stabs	"this:P(0,93)",64,0,43,24
 212               		.stabs	"max:P(0,59)",64,0,43,22
 213               	.global	_ZN7libpout6pwmIrc6adjustEh
 214               		.type	_ZN7libpout6pwmIrc6adjustEh, @function
 215               	_ZN7libpout6pwmIrc6adjustEh:
 216               		.stabd	46,0,0
  44:src/pwmIrc.cpp **** 	OCR2A = max;
 217               		.stabn	68,0,44,.LM10-.LFBB4
 218               	.LM10:
 219               	.LFBB4:
 220               	/* prologue: function */
 221               	/* frame size = 0 */
 222               	/* stack size = 0 */
 223               	.L__stack_usage = 0
 224               		.stabn	68,0,45,.LM11-.LFBB4
 225               	.LM11:
 226 003c 6093 B300 		sts 179,r22
 227 0040 0895      		ret
 228               		.size	_ZN7libpout6pwmIrc6adjustEh, .-_ZN7libpout6pwmIrc6adjustEh
 229               	.Lscope4:
 230               		.stabs	"",36,0,0,.Lscope4-.LFBB4
 231               		.stabd	78,0,0
 232               		.stabs	"_ZN7libpout6pwmIrc5startEv:F(0,4)",36,0,48,_ZN7libpout6pwmIrc5startEv
 233               		.stabs	"this:P(0,93)",64,0,48,24
 234               	.global	_ZN7libpout6pwmIrc5startEv
GAS LISTING /tmp/ccnVX9Ru.s 			page 6


 235               		.type	_ZN7libpout6pwmIrc5startEv, @function
 236               	_ZN7libpout6pwmIrc5startEv:
 237               		.stabd	46,0,0
  46:src/pwmIrc.cpp **** }
  47:src/pwmIrc.cpp **** 
  48:src/pwmIrc.cpp **** void pwmIrc::start()
  49:src/pwmIrc.cpp **** {
 238               		.stabn	68,0,49,.LM12-.LFBB5
 239               	.LM12:
 240               	.LFBB5:
 241               	/* prologue: function */
 242               	/* frame size = 0 */
 243               	/* stack size = 0 */
 244               	.L__stack_usage = 0
  50:src/pwmIrc.cpp **** 	TCCR2A |= _BV(COM2A0) | _BV(WGM21); // Toggle OC0A on Compare Match (Set output to high level), mo
 245               		.stabn	68,0,50,.LM13-.LFBB5
 246               	.LM13:
 247 0042 E0EB      		ldi r30,lo8(-80)
 248 0044 F0E0      		ldi r31,0
 249 0046 8081      		ld r24,Z
 250 0048 8264      		ori r24,lo8(66)
 251 004a 8083      		st Z,r24
 252 004c 0895      		ret
 253               		.size	_ZN7libpout6pwmIrc5startEv, .-_ZN7libpout6pwmIrc5startEv
 254               	.Lscope5:
 255               		.stabs	"",36,0,0,.Lscope5-.LFBB5
 256               		.stabd	78,0,0
 257               		.stabs	"_ZN7libpout6pwmIrc4stopEv:F(0,4)",36,0,53,_ZN7libpout6pwmIrc4stopEv
 258               		.stabs	"this:P(0,93)",64,0,53,24
 259               	.global	_ZN7libpout6pwmIrc4stopEv
 260               		.type	_ZN7libpout6pwmIrc4stopEv, @function
 261               	_ZN7libpout6pwmIrc4stopEv:
 262               		.stabd	46,0,0
  51:src/pwmIrc.cpp **** }
  52:src/pwmIrc.cpp **** 
  53:src/pwmIrc.cpp **** void pwmIrc::stop()
  54:src/pwmIrc.cpp **** {
 263               		.stabn	68,0,54,.LM14-.LFBB6
 264               	.LM14:
 265               	.LFBB6:
 266               	/* prologue: function */
 267               	/* frame size = 0 */
 268               	/* stack size = 0 */
 269               	.L__stack_usage = 0
  55:src/pwmIrc.cpp **** 	TCCR2A &= ~(_BV(COM2A0)) & ~(_BV(WGM21)); 
 270               		.stabn	68,0,55,.LM15-.LFBB6
 271               	.LM15:
 272 004e E0EB      		ldi r30,lo8(-80)
 273 0050 F0E0      		ldi r31,0
 274 0052 8081      		ld r24,Z
 275 0054 8D7B      		andi r24,lo8(-67)
 276 0056 8083      		st Z,r24
 277 0058 0895      		ret
 278               		.size	_ZN7libpout6pwmIrc4stopEv, .-_ZN7libpout6pwmIrc4stopEv
 279               	.Lscope6:
 280               		.stabs	"",36,0,0,.Lscope6-.LFBB6
 281               		.stabd	78,0,0
GAS LISTING /tmp/ccnVX9Ru.s 			page 7


 282               		.stabs	"",100,0,0,.Letext0
 283               	.Letext0:
 284               		.ident	"GCC: (GNU) 4.9.2"
GAS LISTING /tmp/ccnVX9Ru.s 			page 8


DEFINED SYMBOLS
                            *ABS*:0000000000000000 pwmIrc.cpp
     /tmp/ccnVX9Ru.s:2      *ABS*:000000000000003e __SP_H__
     /tmp/ccnVX9Ru.s:3      *ABS*:000000000000003d __SP_L__
     /tmp/ccnVX9Ru.s:4      *ABS*:000000000000003f __SREG__
     /tmp/ccnVX9Ru.s:5      *ABS*:0000000000000000 __tmp_reg__
     /tmp/ccnVX9Ru.s:6      *ABS*:0000000000000001 __zero_reg__
     /tmp/ccnVX9Ru.s:109    .text:0000000000000000 _ZN7libpout6pwmIrc4initEv
     /tmp/ccnVX9Ru.s:144    .text:000000000000001a _ZN7libpout6pwmIrcC2Ev
     /tmp/ccnVX9Ru.s:144    .text:000000000000001a _ZN7libpout6pwmIrcC1Ev
     /tmp/ccnVX9Ru.s:169    .text:000000000000001e _ZN7libpout6pwmIrcC2Eh
     /tmp/ccnVX9Ru.s:169    .text:000000000000001e _ZN7libpout6pwmIrcC1Eh
     /tmp/ccnVX9Ru.s:215    .text:000000000000003c _ZN7libpout6pwmIrc6adjustEh
     /tmp/ccnVX9Ru.s:236    .text:0000000000000042 _ZN7libpout6pwmIrc5startEv
     /tmp/ccnVX9Ru.s:261    .text:000000000000004e _ZN7libpout6pwmIrc4stopEv

NO UNDEFINED SYMBOLS
